[0.729s] DEBUG:colcon:Command line arguments: ['/usr/bin/colcon', 'build', '--packages-select', 'rb300_nav', '--symlink-install']
[0.729s] DEBUG:colcon:Parsed command line arguments: Namespace(log_base=None, log_level=None, verb_name='build', build_base='build', install_base='install', merge_install=False, symlink_install=True, test_result_base=None, continue_on_error=False, executor='parallel', parallel_workers=8, event_handlers=None, ignore_user_meta=False, metas=['./colcon.meta'], base_paths=['.'], packages_ignore=None, packages_ignore_regex=None, paths=None, packages_up_to=None, packages_up_to_regex=None, packages_above=None, packages_above_and_dependencies=None, packages_above_depth=None, packages_select_by_dep=None, packages_skip_by_dep=None, packages_skip_up_to=None, packages_select_build_failed=False, packages_skip_build_finished=False, packages_select_test_failures=False, packages_skip_test_passed=False, packages_select=['rb300_nav'], packages_skip=None, packages_select_regex=None, packages_skip_regex=None, packages_start=None, packages_end=None, allow_overriding=[], cmake_args=None, cmake_target=None, cmake_target_skip_unavailable=False, cmake_clean_cache=False, cmake_clean_first=False, cmake_force_configure=False, ament_cmake_args=None, catkin_cmake_args=None, catkin_skip_building_tests=False, verb_parser=<colcon_defaults.argument_parser.defaults.DefaultArgumentsDecorator object at 0xffff90f04340>, verb_extension=<colcon_core.verb.build.BuildVerb object at 0xffff90f04100>, main=<bound method BuildVerb.main of <colcon_core.verb.build.BuildVerb object at 0xffff90f04100>>)
[1.005s] Level 1:colcon.colcon_core.package_discovery:discover_packages(colcon_meta) check parameters
[1.005s] Level 1:colcon.colcon_core.package_discovery:discover_packages(recursive) check parameters
[1.006s] Level 1:colcon.colcon_core.package_discovery:discover_packages(ignore) check parameters
[1.006s] Level 1:colcon.colcon_core.package_discovery:discover_packages(path) check parameters
[1.006s] Level 1:colcon.colcon_core.package_discovery:discover_packages(colcon_meta) discover
[1.006s] Level 1:colcon.colcon_core.package_discovery:discover_packages(recursive) discover
[1.007s] INFO:colcon.colcon_core.package_discovery:Crawling recursively for packages in '/home/sunrise/ros2_ws/src/rb300_ros2'
[1.007s] Level 1:colcon.colcon_core.package_identification:_identify(.) by extensions ['ignore', 'ignore_ament_install']
[1.008s] Level 1:colcon.colcon_core.package_identification:_identify(.) by extension 'ignore'
[1.008s] Level 1:colcon.colcon_core.package_identification:_identify(.) by extension 'ignore_ament_install'
[1.009s] Level 1:colcon.colcon_core.package_identification:_identify(.) by extensions ['colcon_pkg']
[1.009s] Level 1:colcon.colcon_core.package_identification:_identify(.) by extension 'colcon_pkg'
[1.009s] Level 1:colcon.colcon_core.package_identification:_identify(.) by extensions ['colcon_meta']
[1.009s] Level 1:colcon.colcon_core.package_identification:_identify(.) by extension 'colcon_meta'
[1.010s] Level 1:colcon.colcon_core.package_identification:_identify(.) by extensions ['ros']
[1.010s] Level 1:colcon.colcon_core.package_identification:_identify(.) by extension 'ros'
[1.117s] Level 1:colcon.colcon_core.package_identification:_identify(.) by extensions ['cmake', 'python']
[1.118s] Level 1:colcon.colcon_core.package_identification:_identify(.) by extension 'cmake'
[1.118s] Level 1:colcon.colcon_core.package_identification:_identify(.) by extension 'python'
[1.119s] Level 1:colcon.colcon_core.package_identification:_identify(.) by extensions ['python_setup_py']
[1.119s] Level 1:colcon.colcon_core.package_identification:_identify(.) by extension 'python_setup_py'
[1.120s] Level 1:colcon.colcon_core.package_identification:_identify(build) by extensions ['ignore', 'ignore_ament_install']
[1.120s] Level 1:colcon.colcon_core.package_identification:_identify(build) by extension 'ignore'
[1.120s] Level 1:colcon.colcon_core.package_identification:_identify(build) ignored
[1.121s] Level 1:colcon.colcon_core.package_identification:_identify(esp_serial_v2_cpp) by extensions ['ignore', 'ignore_ament_install']
[1.122s] Level 1:colcon.colcon_core.package_identification:_identify(esp_serial_v2_cpp) by extension 'ignore'
[1.122s] Level 1:colcon.colcon_core.package_identification:_identify(esp_serial_v2_cpp) by extension 'ignore_ament_install'
[1.123s] Level 1:colcon.colcon_core.package_identification:_identify(esp_serial_v2_cpp) by extensions ['colcon_pkg']
[1.123s] Level 1:colcon.colcon_core.package_identification:_identify(esp_serial_v2_cpp) by extension 'colcon_pkg'
[1.123s] Level 1:colcon.colcon_core.package_identification:_identify(esp_serial_v2_cpp) by extensions ['colcon_meta']
[1.123s] Level 1:colcon.colcon_core.package_identification:_identify(esp_serial_v2_cpp) by extension 'colcon_meta'
[1.124s] Level 1:colcon.colcon_core.package_identification:_identify(esp_serial_v2_cpp) by extensions ['ros']
[1.124s] Level 1:colcon.colcon_core.package_identification:_identify(esp_serial_v2_cpp) by extension 'ros'
[1.144s] DEBUG:colcon.colcon_core.package_identification:Package 'esp_serial_v2_cpp' with type 'ros.ament_cmake' and name 'esp_serial_v2_cpp'
[1.145s] Level 1:colcon.colcon_core.package_identification:_identify(install) by extensions ['ignore', 'ignore_ament_install']
[1.146s] Level 1:colcon.colcon_core.package_identification:_identify(install) by extension 'ignore'
[1.146s] Level 1:colcon.colcon_core.package_identification:_identify(install) ignored
[1.147s] Level 1:colcon.colcon_core.package_identification:_identify(log) by extensions ['ignore', 'ignore_ament_install']
[1.148s] Level 1:colcon.colcon_core.package_identification:_identify(log) by extension 'ignore'
[1.148s] Level 1:colcon.colcon_core.package_identification:_identify(log) ignored
[1.149s] Level 1:colcon.colcon_core.package_identification:_identify(rb300_nav) by extensions ['ignore', 'ignore_ament_install']
[1.149s] Level 1:colcon.colcon_core.package_identification:_identify(rb300_nav) by extension 'ignore'
[1.149s] Level 1:colcon.colcon_core.package_identification:_identify(rb300_nav) by extension 'ignore_ament_install'
[1.150s] Level 1:colcon.colcon_core.package_identification:_identify(rb300_nav) by extensions ['colcon_pkg']
[1.150s] Level 1:colcon.colcon_core.package_identification:_identify(rb300_nav) by extension 'colcon_pkg'
[1.150s] Level 1:colcon.colcon_core.package_identification:_identify(rb300_nav) by extensions ['colcon_meta']
[1.151s] Level 1:colcon.colcon_core.package_identification:_identify(rb300_nav) by extension 'colcon_meta'
[1.151s] Level 1:colcon.colcon_core.package_identification:_identify(rb300_nav) by extensions ['ros']
[1.151s] Level 1:colcon.colcon_core.package_identification:_identify(rb300_nav) by extension 'ros'
[1.156s] DEBUG:colcon.colcon_core.package_identification:Package 'rb300_nav' with type 'ros.ament_cmake' and name 'rb300_nav'
[1.157s] Level 1:colcon.colcon_core.package_identification:_identify(rb300_webui) by extensions ['ignore', 'ignore_ament_install']
[1.157s] Level 1:colcon.colcon_core.package_identification:_identify(rb300_webui) by extension 'ignore'
[1.158s] Level 1:colcon.colcon_core.package_identification:_identify(rb300_webui) by extension 'ignore_ament_install'
[1.158s] Level 1:colcon.colcon_core.package_identification:_identify(rb300_webui) by extensions ['colcon_pkg']
[1.158s] Level 1:colcon.colcon_core.package_identification:_identify(rb300_webui) by extension 'colcon_pkg'
[1.159s] Level 1:colcon.colcon_core.package_identification:_identify(rb300_webui) by extensions ['colcon_meta']
[1.159s] Level 1:colcon.colcon_core.package_identification:_identify(rb300_webui) by extension 'colcon_meta'
[1.159s] Level 1:colcon.colcon_core.package_identification:_identify(rb300_webui) by extensions ['ros']
[1.160s] Level 1:colcon.colcon_core.package_identification:_identify(rb300_webui) by extension 'ros'
[1.166s] DEBUG:colcon.colcon_core.package_identification:Package 'rb300_webui' with type 'ros.ament_cmake' and name 'rb300_webui'
[1.167s] Level 1:colcon.colcon_core.package_identification:_identify(rplidar_ros) by extensions ['ignore', 'ignore_ament_install']
[1.168s] Level 1:colcon.colcon_core.package_identification:_identify(rplidar_ros) by extension 'ignore'
[1.169s] Level 1:colcon.colcon_core.package_identification:_identify(rplidar_ros) by extension 'ignore_ament_install'
[1.169s] Level 1:colcon.colcon_core.package_identification:_identify(rplidar_ros) by extensions ['colcon_pkg']
[1.169s] Level 1:colcon.colcon_core.package_identification:_identify(rplidar_ros) by extension 'colcon_pkg'
[1.170s] Level 1:colcon.colcon_core.package_identification:_identify(rplidar_ros) by extensions ['colcon_meta']
[1.170s] Level 1:colcon.colcon_core.package_identification:_identify(rplidar_ros) by extension 'colcon_meta'
[1.170s] Level 1:colcon.colcon_core.package_identification:_identify(rplidar_ros) by extensions ['ros']
[1.170s] Level 1:colcon.colcon_core.package_identification:_identify(rplidar_ros) by extension 'ros'
[1.175s] DEBUG:colcon.colcon_core.package_identification:Package 'rplidar_ros' with type 'ros.ament_cmake' and name 'rplidar_ros'
[1.176s] Level 1:colcon.colcon_core.package_identification:_identify(serial) by extensions ['ignore', 'ignore_ament_install']
[1.176s] Level 1:colcon.colcon_core.package_identification:_identify(serial) by extension 'ignore'
[1.177s] Level 1:colcon.colcon_core.package_identification:_identify(serial) by extension 'ignore_ament_install'
[1.177s] Level 1:colcon.colcon_core.package_identification:_identify(serial) by extensions ['colcon_pkg']
[1.177s] Level 1:colcon.colcon_core.package_identification:_identify(serial) by extension 'colcon_pkg'
[1.177s] Level 1:colcon.colcon_core.package_identification:_identify(serial) by extensions ['colcon_meta']
[1.178s] Level 1:colcon.colcon_core.package_identification:_identify(serial) by extension 'colcon_meta'
[1.178s] Level 1:colcon.colcon_core.package_identification:_identify(serial) by extensions ['ros']
[1.178s] Level 1:colcon.colcon_core.package_identification:_identify(serial) by extension 'ros'
[1.182s] DEBUG:colcon.colcon_core.package_identification:Package 'serial' with type 'ros.ament_cmake' and name 'serial'
[1.182s] Level 1:colcon.colcon_core.package_discovery:discover_packages(recursive) using defaults
[1.183s] Level 1:colcon.colcon_core.package_discovery:discover_packages(ignore) discover
[1.183s] Level 1:colcon.colcon_core.package_discovery:discover_packages(ignore) using defaults
[1.183s] Level 1:colcon.colcon_core.package_discovery:discover_packages(path) discover
[1.183s] Level 1:colcon.colcon_core.package_discovery:discover_packages(path) using defaults
[1.318s] INFO:colcon.colcon_core.package_selection:Skipping not selected package 'rb300_webui' in 'rb300_webui'
[1.318s] INFO:colcon.colcon_core.package_selection:Skipping not selected package 'rplidar_ros' in 'rplidar_ros'
[1.318s] INFO:colcon.colcon_core.package_selection:Skipping not selected package 'serial' in 'serial'
[1.319s] INFO:colcon.colcon_core.package_selection:Skipping not selected package 'esp_serial_v2_cpp' in 'esp_serial_v2_cpp'
[1.322s] Level 1:colcon.colcon_core.package_discovery:discover_packages(prefix_path) check parameters
[1.322s] Level 1:colcon.colcon_core.package_discovery:discover_packages(prefix_path) discover
[1.334s] DEBUG:colcon.colcon_installed_package_information.package_discovery:Found 58 installed packages in /opt/tros/humble
[1.345s] DEBUG:colcon.colcon_installed_package_information.package_discovery:Found 263 installed packages in /opt/ros/humble
[1.356s] Level 1:colcon.colcon_core.package_discovery:discover_packages(prefix_path) using defaults
[1.639s] Level 5:colcon.colcon_core.verb:set package 'rb300_nav' build argument 'cmake_args' from command line to 'None'
[1.639s] Level 5:colcon.colcon_core.verb:set package 'rb300_nav' build argument 'cmake_target' from command line to 'None'
[1.639s] Level 5:colcon.colcon_core.verb:set package 'rb300_nav' build argument 'cmake_target_skip_unavailable' from command line to 'False'
[1.640s] Level 5:colcon.colcon_core.verb:set package 'rb300_nav' build argument 'cmake_clean_cache' from command line to 'False'
[1.640s] Level 5:colcon.colcon_core.verb:set package 'rb300_nav' build argument 'cmake_clean_first' from command line to 'False'
[1.640s] Level 5:colcon.colcon_core.verb:set package 'rb300_nav' build argument 'cmake_force_configure' from command line to 'False'
[1.640s] Level 5:colcon.colcon_core.verb:set package 'rb300_nav' build argument 'ament_cmake_args' from command line to 'None'
[1.640s] Level 5:colcon.colcon_core.verb:set package 'rb300_nav' build argument 'catkin_cmake_args' from command line to 'None'
[1.640s] Level 5:colcon.colcon_core.verb:set package 'rb300_nav' build argument 'catkin_skip_building_tests' from command line to 'False'
[1.641s] DEBUG:colcon.colcon_core.verb:Building package 'rb300_nav' with the following arguments: {'ament_cmake_args': None, 'build_base': '/home/sunrise/ros2_ws/src/rb300_ros2/build/rb300_nav', 'catkin_cmake_args': None, 'catkin_skip_building_tests': False, 'cmake_args': None, 'cmake_clean_cache': False, 'cmake_clean_first': False, 'cmake_force_configure': False, 'cmake_target': None, 'cmake_target_skip_unavailable': False, 'install_base': '/home/sunrise/ros2_ws/src/rb300_ros2/install/rb300_nav', 'merge_install': False, 'path': '/home/sunrise/ros2_ws/src/rb300_ros2/rb300_nav', 'symlink_install': True, 'test_result_base': None}
[1.642s] INFO:colcon.colcon_core.executor:Executing jobs using 'parallel' executor
[1.647s] DEBUG:colcon.colcon_parallel_executor.executor.parallel:run_until_complete
[1.649s] INFO:colcon.colcon_ros.task.ament_cmake.build:Building ROS package in '/home/sunrise/ros2_ws/src/rb300_ros2/rb300_nav' with build type 'ament_cmake'
[1.650s] INFO:colcon.colcon_cmake.task.cmake.build:Building CMake package in '/home/sunrise/ros2_ws/src/rb300_ros2/rb300_nav'
[1.665s] INFO:colcon.colcon_core.plugin_system:Skipping extension 'colcon_core.shell.bat': Not used on non-Windows systems
[1.667s] INFO:colcon.colcon_core.shell:Skip shell extension 'powershell' for command environment: Not usable outside of PowerShell
[1.667s] DEBUG:colcon.colcon_core.shell:Skip shell extension 'dsv' for command environment
[1.709s] DEBUG:colcon.colcon_core.event_handler.log_command:Invoking command in '/home/sunrise/ros2_ws/src/rb300_ros2/build/rb300_nav': CMAKE_PREFIX_PATH=/opt/tros/humble:/opt/ros/humble /usr/bin/cmake /home/sunrise/ros2_ws/src/rb300_ros2/rb300_nav -DAMENT_CMAKE_SYMLINK_INSTALL=1 -DCMAKE_INSTALL_PREFIX=/home/sunrise/ros2_ws/src/rb300_ros2/install/rb300_nav
[7.030s] DEBUG:colcon.colcon_core.event_handler.log_command:Invoked command in '/home/sunrise/ros2_ws/src/rb300_ros2/build/rb300_nav' returned '0': CMAKE_PREFIX_PATH=/opt/tros/humble:/opt/ros/humble /usr/bin/cmake /home/sunrise/ros2_ws/src/rb300_ros2/rb300_nav -DAMENT_CMAKE_SYMLINK_INSTALL=1 -DCMAKE_INSTALL_PREFIX=/home/sunrise/ros2_ws/src/rb300_ros2/install/rb300_nav
[7.038s] DEBUG:colcon.colcon_core.event_handler.log_command:Invoking command in '/home/sunrise/ros2_ws/src/rb300_ros2/build/rb300_nav': CMAKE_PREFIX_PATH=/opt/tros/humble:/opt/ros/humble /usr/bin/cmake --build /home/sunrise/ros2_ws/src/rb300_ros2/build/rb300_nav -- -j8 -l8
[7.213s] DEBUG:colcon.colcon_core.event_handler.log_command:Invoked command in '/home/sunrise/ros2_ws/src/rb300_ros2/build/rb300_nav' returned '0': CMAKE_PREFIX_PATH=/opt/tros/humble:/opt/ros/humble /usr/bin/cmake --build /home/sunrise/ros2_ws/src/rb300_ros2/build/rb300_nav -- -j8 -l8
[7.262s] DEBUG:colcon.colcon_core.event_handler.log_command:Invoking command in '/home/sunrise/ros2_ws/src/rb300_ros2/build/rb300_nav': CMAKE_PREFIX_PATH=/opt/tros/humble:/opt/ros/humble /usr/bin/cmake --install /home/sunrise/ros2_ws/src/rb300_ros2/build/rb300_nav
[8.072s] Level 1:colcon.colcon_core.environment:create_environment_scripts_only(rb300_nav)
[8.075s] DEBUG:colcon.colcon_core.event_handler.log_command:Invoked command in '/home/sunrise/ros2_ws/src/rb300_ros2/build/rb300_nav' returned '0': CMAKE_PREFIX_PATH=/opt/tros/humble:/opt/ros/humble /usr/bin/cmake --install /home/sunrise/ros2_ws/src/rb300_ros2/build/rb300_nav
[8.090s] Level 1:colcon.colcon_core.environment:checking '/home/sunrise/ros2_ws/src/rb300_ros2/install/rb300_nav' for CMake module files
[8.094s] Level 1:colcon.colcon_core.environment:checking '/home/sunrise/ros2_ws/src/rb300_ros2/install/rb300_nav' for CMake config files
[8.095s] Level 1:colcon.colcon_core.shell:create_environment_hook('rb300_nav', 'cmake_prefix_path')
[8.097s] INFO:colcon.colcon_core.shell:Creating environment hook '/home/sunrise/ros2_ws/src/rb300_ros2/install/rb300_nav/share/rb300_nav/hook/cmake_prefix_path.ps1'
[8.102s] INFO:colcon.colcon_core.shell:Creating environment descriptor '/home/sunrise/ros2_ws/src/rb300_ros2/install/rb300_nav/share/rb300_nav/hook/cmake_prefix_path.dsv'
[8.106s] INFO:colcon.colcon_core.shell:Creating environment hook '/home/sunrise/ros2_ws/src/rb300_ros2/install/rb300_nav/share/rb300_nav/hook/cmake_prefix_path.sh'
[8.112s] Level 1:colcon.colcon_core.environment:checking '/home/sunrise/ros2_ws/src/rb300_ros2/install/rb300_nav/bin'
[8.113s] Level 1:colcon.colcon_core.environment:checking '/home/sunrise/ros2_ws/src/rb300_ros2/install/rb300_nav/lib/pkgconfig/rb300_nav.pc'
[8.114s] Level 1:colcon.colcon_core.environment:checking '/home/sunrise/ros2_ws/src/rb300_ros2/install/rb300_nav/lib/python3.10/site-packages'
[8.116s] Level 1:colcon.colcon_core.environment:checking '/home/sunrise/ros2_ws/src/rb300_ros2/install/rb300_nav/bin'
[8.119s] INFO:colcon.colcon_core.shell:Creating package script '/home/sunrise/ros2_ws/src/rb300_ros2/install/rb300_nav/share/rb300_nav/package.ps1'
[8.125s] INFO:colcon.colcon_core.shell:Creating package descriptor '/home/sunrise/ros2_ws/src/rb300_ros2/install/rb300_nav/share/rb300_nav/package.dsv'
[8.130s] INFO:colcon.colcon_core.shell:Creating package script '/home/sunrise/ros2_ws/src/rb300_ros2/install/rb300_nav/share/rb300_nav/package.sh'
[8.135s] INFO:colcon.colcon_core.shell:Creating package script '/home/sunrise/ros2_ws/src/rb300_ros2/install/rb300_nav/share/rb300_nav/package.bash'
[8.141s] INFO:colcon.colcon_core.shell:Creating package script '/home/sunrise/ros2_ws/src/rb300_ros2/install/rb300_nav/share/rb300_nav/package.zsh'
[8.145s] Level 1:colcon.colcon_core.environment:create_file_with_runtime_dependencies(/home/sunrise/ros2_ws/src/rb300_ros2/install/rb300_nav/share/colcon-core/packages/rb300_nav)
[8.150s] Level 1:colcon.colcon_core.environment:create_environment_scripts_only(rb300_nav)
[8.151s] Level 1:colcon.colcon_core.environment:checking '/home/sunrise/ros2_ws/src/rb300_ros2/install/rb300_nav' for CMake module files
[8.154s] Level 1:colcon.colcon_core.environment:checking '/home/sunrise/ros2_ws/src/rb300_ros2/install/rb300_nav' for CMake config files
[8.155s] Level 1:colcon.colcon_core.shell:create_environment_hook('rb300_nav', 'cmake_prefix_path')
[8.157s] INFO:colcon.colcon_core.shell:Creating environment hook '/home/sunrise/ros2_ws/src/rb300_ros2/install/rb300_nav/share/rb300_nav/hook/cmake_prefix_path.ps1'
[8.160s] INFO:colcon.colcon_core.shell:Creating environment descriptor '/home/sunrise/ros2_ws/src/rb300_ros2/install/rb300_nav/share/rb300_nav/hook/cmake_prefix_path.dsv'
[8.162s] INFO:colcon.colcon_core.shell:Creating environment hook '/home/sunrise/ros2_ws/src/rb300_ros2/install/rb300_nav/share/rb300_nav/hook/cmake_prefix_path.sh'
[8.165s] Level 1:colcon.colcon_core.environment:checking '/home/sunrise/ros2_ws/src/rb300_ros2/install/rb300_nav/bin'
[8.166s] Level 1:colcon.colcon_core.environment:checking '/home/sunrise/ros2_ws/src/rb300_ros2/install/rb300_nav/lib/pkgconfig/rb300_nav.pc'
[8.168s] Level 1:colcon.colcon_core.environment:checking '/home/sunrise/ros2_ws/src/rb300_ros2/install/rb300_nav/lib/python3.10/site-packages'
[8.169s] Level 1:colcon.colcon_core.environment:checking '/home/sunrise/ros2_ws/src/rb300_ros2/install/rb300_nav/bin'
[8.171s] INFO:colcon.colcon_core.shell:Creating package script '/home/sunrise/ros2_ws/src/rb300_ros2/install/rb300_nav/share/rb300_nav/package.ps1'
[8.175s] INFO:colcon.colcon_core.shell:Creating package descriptor '/home/sunrise/ros2_ws/src/rb300_ros2/install/rb300_nav/share/rb300_nav/package.dsv'
[8.178s] INFO:colcon.colcon_core.shell:Creating package script '/home/sunrise/ros2_ws/src/rb300_ros2/install/rb300_nav/share/rb300_nav/package.sh'
[8.181s] INFO:colcon.colcon_core.shell:Creating package script '/home/sunrise/ros2_ws/src/rb300_ros2/install/rb300_nav/share/rb300_nav/package.bash'
[8.184s] INFO:colcon.colcon_core.shell:Creating package script '/home/sunrise/ros2_ws/src/rb300_ros2/install/rb300_nav/share/rb300_nav/package.zsh'
[8.187s] Level 1:colcon.colcon_core.environment:create_file_with_runtime_dependencies(/home/sunrise/ros2_ws/src/rb300_ros2/install/rb300_nav/share/colcon-core/packages/rb300_nav)
[8.189s] DEBUG:colcon.colcon_parallel_executor.executor.parallel:closing loop
[8.190s] DEBUG:colcon.colcon_parallel_executor.executor.parallel:loop closed
[8.190s] DEBUG:colcon.colcon_parallel_executor.executor.parallel:run_until_complete finished with '0'
[8.191s] DEBUG:colcon.colcon_core.event_reactor:joining thread
[8.230s] INFO:colcon.colcon_core.plugin_system:Skipping extension 'colcon_notification.desktop_notification.terminal_notifier': Not used on non-Darwin systems
[8.231s] INFO:colcon.colcon_core.plugin_system:Skipping extension 'colcon_notification.desktop_notification.win32': Not used on non-Windows systems
[8.231s] INFO:colcon.colcon_notification.desktop_notification:Sending desktop notification using 'notify2'
[8.306s] DEBUG:colcon.colcon_core.event_reactor:joined thread
[8.309s] INFO:colcon.colcon_core.shell:Creating prefix script '/home/sunrise/ros2_ws/src/rb300_ros2/install/local_setup.ps1'
[8.315s] INFO:colcon.colcon_core.shell:Creating prefix util module '/home/sunrise/ros2_ws/src/rb300_ros2/install/_local_setup_util_ps1.py'
[8.327s] INFO:colcon.colcon_core.shell:Creating prefix chain script '/home/sunrise/ros2_ws/src/rb300_ros2/install/setup.ps1'
[8.334s] INFO:colcon.colcon_core.shell:Creating prefix script '/home/sunrise/ros2_ws/src/rb300_ros2/install/local_setup.sh'
[8.338s] INFO:colcon.colcon_core.shell:Creating prefix util module '/home/sunrise/ros2_ws/src/rb300_ros2/install/_local_setup_util_sh.py'
[8.343s] INFO:colcon.colcon_core.shell:Creating prefix chain script '/home/sunrise/ros2_ws/src/rb300_ros2/install/setup.sh'
[8.350s] INFO:colcon.colcon_core.shell:Creating prefix script '/home/sunrise/ros2_ws/src/rb300_ros2/install/local_setup.bash'
[8.354s] INFO:colcon.colcon_core.shell:Creating prefix chain script '/home/sunrise/ros2_ws/src/rb300_ros2/install/setup.bash'
[8.360s] INFO:colcon.colcon_core.shell:Creating prefix script '/home/sunrise/ros2_ws/src/rb300_ros2/install/local_setup.zsh'
[8.364s] INFO:colcon.colcon_core.shell:Creating prefix chain script '/home/sunrise/ros2_ws/src/rb300_ros2/install/setup.zsh'
