-- The C compiler identification is GNU 11.2.0
-- The CXX compiler identification is GNU 11.2.0
-- Detecting C compiler ABI info
-- Detecting C compiler ABI info - done
-- Check for working C compiler: /usr/bin/cc - skipped
-- Detecting C compile features
-- Detecting C compile features - done
-- Detecting CXX compiler ABI info
-- Detecting CXX compiler ABI info - done
-- Check for working CXX compiler: /usr/bin/c++ - skipped
-- Detecting CXX compile features
-- Detecting CXX compile features - done
-- Found ament_cmake: 1.3.12 (/opt/ros/humble/share/ament_cmake/cmake)
-- Found Python3: /usr/bin/python3 (found version "3.10.12") found components: Interpreter 
-- Override CMake install command with custom implementation using symlinks instead of copying resources
-- Configuring done
-- Generating done
-- Build files have been written to: /home/sunrise/ros2_ws/src/rb300_ros2/build/rb300_nav
-- Install configuration: ""
-- Execute custom install script
-- Symlinking: /home/sunrise/ros2_ws/src/rb300_ros2/install/rb300_nav/share/rb300_nav//launch/__pycache__/slam.launch.cpython-310.pyc
-- Symlinking: /home/sunrise/ros2_ws/src/rb300_ros2/install/rb300_nav/share/rb300_nav//launch/slam.launch.py
-- Symlinking: /home/sunrise/ros2_ws/src/rb300_ros2/install/rb300_nav/share/rb300_nav//config/slam_toolbox.yaml
-- Symlinking: /home/sunrise/ros2_ws/src/rb300_ros2/install/rb300_nav/share/ament_index/resource_index/package_run_dependencies/rb300_nav
-- Symlinking: /home/sunrise/ros2_ws/src/rb300_ros2/install/rb300_nav/share/ament_index/resource_index/parent_prefix_path/rb300_nav
-- Symlinking: /home/sunrise/ros2_ws/src/rb300_ros2/install/rb300_nav/share/rb300_nav/environment/ament_prefix_path.sh
-- Symlinking: /home/sunrise/ros2_ws/src/rb300_ros2/install/rb300_nav/share/rb300_nav/environment/ament_prefix_path.dsv
-- Symlinking: /home/sunrise/ros2_ws/src/rb300_ros2/install/rb300_nav/share/rb300_nav/environment/path.sh
-- Symlinking: /home/sunrise/ros2_ws/src/rb300_ros2/install/rb300_nav/share/rb300_nav/environment/path.dsv
-- Symlinking: /home/sunrise/ros2_ws/src/rb300_ros2/install/rb300_nav/share/rb300_nav/local_setup.bash
-- Symlinking: /home/sunrise/ros2_ws/src/rb300_ros2/install/rb300_nav/share/rb300_nav/local_setup.sh
-- Symlinking: /home/sunrise/ros2_ws/src/rb300_ros2/install/rb300_nav/share/rb300_nav/local_setup.zsh
-- Symlinking: /home/sunrise/ros2_ws/src/rb300_ros2/install/rb300_nav/share/rb300_nav/local_setup.dsv
-- Symlinking: /home/sunrise/ros2_ws/src/rb300_ros2/install/rb300_nav/share/rb300_nav/package.dsv
-- Symlinking: /home/sunrise/ros2_ws/src/rb300_ros2/install/rb300_nav/share/ament_index/resource_index/packages/rb300_nav
-- Symlinking: /home/sunrise/ros2_ws/src/rb300_ros2/install/rb300_nav/share/rb300_nav/cmake/rb300_navConfig.cmake
-- Symlinking: /home/sunrise/ros2_ws/src/rb300_ros2/install/rb300_nav/share/rb300_nav/cmake/rb300_navConfig-version.cmake
-- Symlinking: /home/sunrise/ros2_ws/src/rb300_ros2/install/rb300_nav/share/rb300_nav/package.xml
