[0.797s] DEBUG:colcon:Command line arguments: ['/usr/bin/colcon', 'build', '--packages-select', 'rb300_nav', '--symlink-install']
[0.798s] DEBUG:colcon:Parsed command line arguments: Namespace(log_base=None, log_level=None, verb_name='build', build_base='build', install_base='install', merge_install=False, symlink_install=True, test_result_base=None, continue_on_error=False, executor='parallel', parallel_workers=8, event_handlers=None, ignore_user_meta=False, metas=['./colcon.meta'], base_paths=['.'], packages_ignore=None, packages_ignore_regex=None, paths=None, packages_up_to=None, packages_up_to_regex=None, packages_above=None, packages_above_and_dependencies=None, packages_above_depth=None, packages_select_by_dep=None, packages_skip_by_dep=None, packages_skip_up_to=None, packages_select_build_failed=False, packages_skip_build_finished=False, packages_select_test_failures=False, packages_skip_test_passed=False, packages_select=['rb300_nav'], packages_skip=None, packages_select_regex=None, packages_skip_regex=None, packages_start=None, packages_end=None, allow_overriding=[], cmake_args=None, cmake_target=None, cmake_target_skip_unavailable=False, cmake_clean_cache=False, cmake_clean_first=False, cmake_force_configure=False, ament_cmake_args=None, catkin_cmake_args=None, catkin_skip_building_tests=False, verb_parser=<colcon_defaults.argument_parser.defaults.DefaultArgumentsDecorator object at 0xffff99894340>, verb_extension=<colcon_core.verb.build.BuildVerb object at 0xffff99894100>, main=<bound method BuildVerb.main of <colcon_core.verb.build.BuildVerb object at 0xffff99894100>>)
[1.081s] Level 1:colcon.colcon_core.package_discovery:discover_packages(colcon_meta) check parameters
[1.082s] Level 1:colcon.colcon_core.package_discovery:discover_packages(recursive) check parameters
[1.082s] Level 1:colcon.colcon_core.package_discovery:discover_packages(ignore) check parameters
[1.082s] Level 1:colcon.colcon_core.package_discovery:discover_packages(path) check parameters
[1.083s] Level 1:colcon.colcon_core.package_discovery:discover_packages(colcon_meta) discover
[1.083s] Level 1:colcon.colcon_core.package_discovery:discover_packages(recursive) discover
[1.083s] INFO:colcon.colcon_core.package_discovery:Crawling recursively for packages in '/home/sunrise/ros2_ws/src/rb300_ros2'
[1.084s] Level 1:colcon.colcon_core.package_identification:_identify(.) by extensions ['ignore', 'ignore_ament_install']
[1.085s] Level 1:colcon.colcon_core.package_identification:_identify(.) by extension 'ignore'
[1.085s] Level 1:colcon.colcon_core.package_identification:_identify(.) by extension 'ignore_ament_install'
[1.086s] Level 1:colcon.colcon_core.package_identification:_identify(.) by extensions ['colcon_pkg']
[1.086s] Level 1:colcon.colcon_core.package_identification:_identify(.) by extension 'colcon_pkg'
[1.086s] Level 1:colcon.colcon_core.package_identification:_identify(.) by extensions ['colcon_meta']
[1.086s] Level 1:colcon.colcon_core.package_identification:_identify(.) by extension 'colcon_meta'
[1.087s] Level 1:colcon.colcon_core.package_identification:_identify(.) by extensions ['ros']
[1.087s] Level 1:colcon.colcon_core.package_identification:_identify(.) by extension 'ros'
[1.199s] Level 1:colcon.colcon_core.package_identification:_identify(.) by extensions ['cmake', 'python']
[1.199s] Level 1:colcon.colcon_core.package_identification:_identify(.) by extension 'cmake'
[1.200s] Level 1:colcon.colcon_core.package_identification:_identify(.) by extension 'python'
[1.201s] Level 1:colcon.colcon_core.package_identification:_identify(.) by extensions ['python_setup_py']
[1.201s] Level 1:colcon.colcon_core.package_identification:_identify(.) by extension 'python_setup_py'
[1.202s] Level 1:colcon.colcon_core.package_identification:_identify(build) by extensions ['ignore', 'ignore_ament_install']
[1.203s] Level 1:colcon.colcon_core.package_identification:_identify(build) by extension 'ignore'
[1.203s] Level 1:colcon.colcon_core.package_identification:_identify(build) ignored
[1.204s] Level 1:colcon.colcon_core.package_identification:_identify(esp_serial_v2_cpp) by extensions ['ignore', 'ignore_ament_install']
[1.205s] Level 1:colcon.colcon_core.package_identification:_identify(esp_serial_v2_cpp) by extension 'ignore'
[1.205s] Level 1:colcon.colcon_core.package_identification:_identify(esp_serial_v2_cpp) by extension 'ignore_ament_install'
[1.206s] Level 1:colcon.colcon_core.package_identification:_identify(esp_serial_v2_cpp) by extensions ['colcon_pkg']
[1.206s] Level 1:colcon.colcon_core.package_identification:_identify(esp_serial_v2_cpp) by extension 'colcon_pkg'
[1.206s] Level 1:colcon.colcon_core.package_identification:_identify(esp_serial_v2_cpp) by extensions ['colcon_meta']
[1.206s] Level 1:colcon.colcon_core.package_identification:_identify(esp_serial_v2_cpp) by extension 'colcon_meta'
[1.207s] Level 1:colcon.colcon_core.package_identification:_identify(esp_serial_v2_cpp) by extensions ['ros']
[1.207s] Level 1:colcon.colcon_core.package_identification:_identify(esp_serial_v2_cpp) by extension 'ros'
[1.228s] DEBUG:colcon.colcon_core.package_identification:Package 'esp_serial_v2_cpp' with type 'ros.ament_cmake' and name 'esp_serial_v2_cpp'
[1.229s] Level 1:colcon.colcon_core.package_identification:_identify(install) by extensions ['ignore', 'ignore_ament_install']
[1.230s] Level 1:colcon.colcon_core.package_identification:_identify(install) by extension 'ignore'
[1.230s] Level 1:colcon.colcon_core.package_identification:_identify(install) ignored
[1.231s] Level 1:colcon.colcon_core.package_identification:_identify(log) by extensions ['ignore', 'ignore_ament_install']
[1.231s] Level 1:colcon.colcon_core.package_identification:_identify(log) by extension 'ignore'
[1.232s] Level 1:colcon.colcon_core.package_identification:_identify(log) ignored
[1.232s] Level 1:colcon.colcon_core.package_identification:_identify(rb300_nav) by extensions ['ignore', 'ignore_ament_install']
[1.232s] Level 1:colcon.colcon_core.package_identification:_identify(rb300_nav) by extension 'ignore'
[1.233s] Level 1:colcon.colcon_core.package_identification:_identify(rb300_nav) by extension 'ignore_ament_install'
[1.233s] Level 1:colcon.colcon_core.package_identification:_identify(rb300_nav) by extensions ['colcon_pkg']
[1.233s] Level 1:colcon.colcon_core.package_identification:_identify(rb300_nav) by extension 'colcon_pkg'
[1.234s] Level 1:colcon.colcon_core.package_identification:_identify(rb300_nav) by extensions ['colcon_meta']
[1.234s] Level 1:colcon.colcon_core.package_identification:_identify(rb300_nav) by extension 'colcon_meta'
[1.234s] Level 1:colcon.colcon_core.package_identification:_identify(rb300_nav) by extensions ['ros']
[1.234s] Level 1:colcon.colcon_core.package_identification:_identify(rb300_nav) by extension 'ros'
[1.239s] DEBUG:colcon.colcon_core.package_identification:Package 'rb300_nav' with type 'ros.ament_cmake' and name 'rb300_nav'
[1.240s] Level 1:colcon.colcon_core.package_identification:_identify(rb300_webui) by extensions ['ignore', 'ignore_ament_install']
[1.240s] Level 1:colcon.colcon_core.package_identification:_identify(rb300_webui) by extension 'ignore'
[1.241s] Level 1:colcon.colcon_core.package_identification:_identify(rb300_webui) by extension 'ignore_ament_install'
[1.241s] Level 1:colcon.colcon_core.package_identification:_identify(rb300_webui) by extensions ['colcon_pkg']
[1.241s] Level 1:colcon.colcon_core.package_identification:_identify(rb300_webui) by extension 'colcon_pkg'
[1.241s] Level 1:colcon.colcon_core.package_identification:_identify(rb300_webui) by extensions ['colcon_meta']
[1.242s] Level 1:colcon.colcon_core.package_identification:_identify(rb300_webui) by extension 'colcon_meta'
[1.242s] Level 1:colcon.colcon_core.package_identification:_identify(rb300_webui) by extensions ['ros']
[1.242s] Level 1:colcon.colcon_core.package_identification:_identify(rb300_webui) by extension 'ros'
[1.249s] DEBUG:colcon.colcon_core.package_identification:Package 'rb300_webui' with type 'ros.ament_cmake' and name 'rb300_webui'
[1.250s] Level 1:colcon.colcon_core.package_identification:_identify(rplidar_ros) by extensions ['ignore', 'ignore_ament_install']
[1.250s] Level 1:colcon.colcon_core.package_identification:_identify(rplidar_ros) by extension 'ignore'
[1.251s] Level 1:colcon.colcon_core.package_identification:_identify(rplidar_ros) by extension 'ignore_ament_install'
[1.251s] Level 1:colcon.colcon_core.package_identification:_identify(rplidar_ros) by extensions ['colcon_pkg']
[1.252s] Level 1:colcon.colcon_core.package_identification:_identify(rplidar_ros) by extension 'colcon_pkg'
[1.252s] Level 1:colcon.colcon_core.package_identification:_identify(rplidar_ros) by extensions ['colcon_meta']
[1.252s] Level 1:colcon.colcon_core.package_identification:_identify(rplidar_ros) by extension 'colcon_meta'
[1.253s] Level 1:colcon.colcon_core.package_identification:_identify(rplidar_ros) by extensions ['ros']
[1.253s] Level 1:colcon.colcon_core.package_identification:_identify(rplidar_ros) by extension 'ros'
[1.257s] DEBUG:colcon.colcon_core.package_identification:Package 'rplidar_ros' with type 'ros.ament_cmake' and name 'rplidar_ros'
[1.258s] Level 1:colcon.colcon_core.package_identification:_identify(serial) by extensions ['ignore', 'ignore_ament_install']
[1.259s] Level 1:colcon.colcon_core.package_identification:_identify(serial) by extension 'ignore'
[1.260s] Level 1:colcon.colcon_core.package_identification:_identify(serial) by extension 'ignore_ament_install'
[1.260s] Level 1:colcon.colcon_core.package_identification:_identify(serial) by extensions ['colcon_pkg']
[1.260s] Level 1:colcon.colcon_core.package_identification:_identify(serial) by extension 'colcon_pkg'
[1.261s] Level 1:colcon.colcon_core.package_identification:_identify(serial) by extensions ['colcon_meta']
[1.261s] Level 1:colcon.colcon_core.package_identification:_identify(serial) by extension 'colcon_meta'
[1.261s] Level 1:colcon.colcon_core.package_identification:_identify(serial) by extensions ['ros']
[1.261s] Level 1:colcon.colcon_core.package_identification:_identify(serial) by extension 'ros'
[1.265s] DEBUG:colcon.colcon_core.package_identification:Package 'serial' with type 'ros.ament_cmake' and name 'serial'
[1.266s] Level 1:colcon.colcon_core.package_discovery:discover_packages(recursive) using defaults
[1.266s] Level 1:colcon.colcon_core.package_discovery:discover_packages(ignore) discover
[1.267s] Level 1:colcon.colcon_core.package_discovery:discover_packages(ignore) using defaults
[1.267s] Level 1:colcon.colcon_core.package_discovery:discover_packages(path) discover
[1.267s] Level 1:colcon.colcon_core.package_discovery:discover_packages(path) using defaults
[1.411s] INFO:colcon.colcon_core.package_selection:Skipping not selected package 'rb300_webui' in 'rb300_webui'
[1.412s] INFO:colcon.colcon_core.package_selection:Skipping not selected package 'rplidar_ros' in 'rplidar_ros'
[1.412s] INFO:colcon.colcon_core.package_selection:Skipping not selected package 'serial' in 'serial'
[1.412s] INFO:colcon.colcon_core.package_selection:Skipping not selected package 'esp_serial_v2_cpp' in 'esp_serial_v2_cpp'
[1.415s] Level 1:colcon.colcon_core.package_discovery:discover_packages(prefix_path) check parameters
[1.415s] Level 1:colcon.colcon_core.package_discovery:discover_packages(prefix_path) discover
[1.428s] DEBUG:colcon.colcon_installed_package_information.package_discovery:Found 58 installed packages in /opt/tros/humble
[1.438s] DEBUG:colcon.colcon_installed_package_information.package_discovery:Found 263 installed packages in /opt/ros/humble
[1.450s] Level 1:colcon.colcon_core.package_discovery:discover_packages(prefix_path) using defaults
[1.745s] Level 5:colcon.colcon_core.verb:set package 'rb300_nav' build argument 'cmake_args' from command line to 'None'
[1.746s] Level 5:colcon.colcon_core.verb:set package 'rb300_nav' build argument 'cmake_target' from command line to 'None'
[1.746s] Level 5:colcon.colcon_core.verb:set package 'rb300_nav' build argument 'cmake_target_skip_unavailable' from command line to 'False'
[1.746s] Level 5:colcon.colcon_core.verb:set package 'rb300_nav' build argument 'cmake_clean_cache' from command line to 'False'
[1.747s] Level 5:colcon.colcon_core.verb:set package 'rb300_nav' build argument 'cmake_clean_first' from command line to 'False'
[1.747s] Level 5:colcon.colcon_core.verb:set package 'rb300_nav' build argument 'cmake_force_configure' from command line to 'False'
[1.747s] Level 5:colcon.colcon_core.verb:set package 'rb300_nav' build argument 'ament_cmake_args' from command line to 'None'
[1.747s] Level 5:colcon.colcon_core.verb:set package 'rb300_nav' build argument 'catkin_cmake_args' from command line to 'None'
[1.747s] Level 5:colcon.colcon_core.verb:set package 'rb300_nav' build argument 'catkin_skip_building_tests' from command line to 'False'
[1.748s] DEBUG:colcon.colcon_core.verb:Building package 'rb300_nav' with the following arguments: {'ament_cmake_args': None, 'build_base': '/home/sunrise/ros2_ws/src/rb300_ros2/build/rb300_nav', 'catkin_cmake_args': None, 'catkin_skip_building_tests': False, 'cmake_args': None, 'cmake_clean_cache': False, 'cmake_clean_first': False, 'cmake_force_configure': False, 'cmake_target': None, 'cmake_target_skip_unavailable': False, 'install_base': '/home/sunrise/ros2_ws/src/rb300_ros2/install/rb300_nav', 'merge_install': False, 'path': '/home/sunrise/ros2_ws/src/rb300_ros2/rb300_nav', 'symlink_install': True, 'test_result_base': None}
[1.749s] INFO:colcon.colcon_core.executor:Executing jobs using 'parallel' executor
[1.755s] DEBUG:colcon.colcon_parallel_executor.executor.parallel:run_until_complete
[1.757s] INFO:colcon.colcon_ros.task.ament_cmake.build:Building ROS package in '/home/sunrise/ros2_ws/src/rb300_ros2/rb300_nav' with build type 'ament_cmake'
[1.759s] INFO:colcon.colcon_cmake.task.cmake.build:Building CMake package in '/home/sunrise/ros2_ws/src/rb300_ros2/rb300_nav'
[1.775s] INFO:colcon.colcon_core.plugin_system:Skipping extension 'colcon_core.shell.bat': Not used on non-Windows systems
[1.777s] INFO:colcon.colcon_core.shell:Skip shell extension 'powershell' for command environment: Not usable outside of PowerShell
[1.777s] DEBUG:colcon.colcon_core.shell:Skip shell extension 'dsv' for command environment
[1.821s] DEBUG:colcon.colcon_core.event_handler.log_command:Invoking command in '/home/sunrise/ros2_ws/src/rb300_ros2/build/rb300_nav': CMAKE_PREFIX_PATH=/opt/tros/humble:/opt/ros/humble /usr/bin/cmake --build /home/sunrise/ros2_ws/src/rb300_ros2/build/rb300_nav -- -j8 -l8
[2.001s] DEBUG:colcon.colcon_core.event_handler.log_command:Invoked command in '/home/sunrise/ros2_ws/src/rb300_ros2/build/rb300_nav' returned '0': CMAKE_PREFIX_PATH=/opt/tros/humble:/opt/ros/humble /usr/bin/cmake --build /home/sunrise/ros2_ws/src/rb300_ros2/build/rb300_nav -- -j8 -l8
[2.051s] DEBUG:colcon.colcon_core.event_handler.log_command:Invoking command in '/home/sunrise/ros2_ws/src/rb300_ros2/build/rb300_nav': CMAKE_PREFIX_PATH=/opt/tros/humble:/opt/ros/humble /usr/bin/cmake --install /home/sunrise/ros2_ws/src/rb300_ros2/build/rb300_nav
[2.157s] Level 1:colcon.colcon_core.environment:create_environment_scripts_only(rb300_nav)
[2.161s] DEBUG:colcon.colcon_core.event_handler.log_command:Invoked command in '/home/sunrise/ros2_ws/src/rb300_ros2/build/rb300_nav' returned '0': CMAKE_PREFIX_PATH=/opt/tros/humble:/opt/ros/humble /usr/bin/cmake --install /home/sunrise/ros2_ws/src/rb300_ros2/build/rb300_nav
[2.176s] Level 1:colcon.colcon_core.environment:checking '/home/sunrise/ros2_ws/src/rb300_ros2/install/rb300_nav' for CMake module files
[2.180s] Level 1:colcon.colcon_core.environment:checking '/home/sunrise/ros2_ws/src/rb300_ros2/install/rb300_nav' for CMake config files
[2.181s] Level 1:colcon.colcon_core.shell:create_environment_hook('rb300_nav', 'cmake_prefix_path')
[2.183s] INFO:colcon.colcon_core.shell:Creating environment hook '/home/sunrise/ros2_ws/src/rb300_ros2/install/rb300_nav/share/rb300_nav/hook/cmake_prefix_path.ps1'
[2.186s] INFO:colcon.colcon_core.shell:Creating environment descriptor '/home/sunrise/ros2_ws/src/rb300_ros2/install/rb300_nav/share/rb300_nav/hook/cmake_prefix_path.dsv'
[2.189s] INFO:colcon.colcon_core.shell:Creating environment hook '/home/sunrise/ros2_ws/src/rb300_ros2/install/rb300_nav/share/rb300_nav/hook/cmake_prefix_path.sh'
[2.194s] Level 1:colcon.colcon_core.environment:checking '/home/sunrise/ros2_ws/src/rb300_ros2/install/rb300_nav/bin'
[2.194s] Level 1:colcon.colcon_core.environment:checking '/home/sunrise/ros2_ws/src/rb300_ros2/install/rb300_nav/lib/pkgconfig/rb300_nav.pc'
[2.196s] Level 1:colcon.colcon_core.environment:checking '/home/sunrise/ros2_ws/src/rb300_ros2/install/rb300_nav/lib/python3.10/site-packages'
[2.198s] Level 1:colcon.colcon_core.environment:checking '/home/sunrise/ros2_ws/src/rb300_ros2/install/rb300_nav/bin'
[2.201s] INFO:colcon.colcon_core.shell:Creating package script '/home/sunrise/ros2_ws/src/rb300_ros2/install/rb300_nav/share/rb300_nav/package.ps1'
[2.207s] INFO:colcon.colcon_core.shell:Creating package descriptor '/home/sunrise/ros2_ws/src/rb300_ros2/install/rb300_nav/share/rb300_nav/package.dsv'
[2.211s] INFO:colcon.colcon_core.shell:Creating package script '/home/sunrise/ros2_ws/src/rb300_ros2/install/rb300_nav/share/rb300_nav/package.sh'
[2.217s] INFO:colcon.colcon_core.shell:Creating package script '/home/sunrise/ros2_ws/src/rb300_ros2/install/rb300_nav/share/rb300_nav/package.bash'
[2.223s] INFO:colcon.colcon_core.shell:Creating package script '/home/sunrise/ros2_ws/src/rb300_ros2/install/rb300_nav/share/rb300_nav/package.zsh'
[2.228s] Level 1:colcon.colcon_core.environment:create_file_with_runtime_dependencies(/home/sunrise/ros2_ws/src/rb300_ros2/install/rb300_nav/share/colcon-core/packages/rb300_nav)
[2.232s] Level 1:colcon.colcon_core.environment:create_environment_scripts_only(rb300_nav)
[2.233s] Level 1:colcon.colcon_core.environment:checking '/home/sunrise/ros2_ws/src/rb300_ros2/install/rb300_nav' for CMake module files
[2.237s] Level 1:colcon.colcon_core.environment:checking '/home/sunrise/ros2_ws/src/rb300_ros2/install/rb300_nav' for CMake config files
[2.238s] Level 1:colcon.colcon_core.shell:create_environment_hook('rb300_nav', 'cmake_prefix_path')
[2.240s] INFO:colcon.colcon_core.shell:Creating environment hook '/home/sunrise/ros2_ws/src/rb300_ros2/install/rb300_nav/share/rb300_nav/hook/cmake_prefix_path.ps1'
[2.243s] INFO:colcon.colcon_core.shell:Creating environment descriptor '/home/sunrise/ros2_ws/src/rb300_ros2/install/rb300_nav/share/rb300_nav/hook/cmake_prefix_path.dsv'
[2.245s] INFO:colcon.colcon_core.shell:Creating environment hook '/home/sunrise/ros2_ws/src/rb300_ros2/install/rb300_nav/share/rb300_nav/hook/cmake_prefix_path.sh'
[2.250s] Level 1:colcon.colcon_core.environment:checking '/home/sunrise/ros2_ws/src/rb300_ros2/install/rb300_nav/bin'
[2.250s] Level 1:colcon.colcon_core.environment:checking '/home/sunrise/ros2_ws/src/rb300_ros2/install/rb300_nav/lib/pkgconfig/rb300_nav.pc'
[2.252s] Level 1:colcon.colcon_core.environment:checking '/home/sunrise/ros2_ws/src/rb300_ros2/install/rb300_nav/lib/python3.10/site-packages'
[2.254s] Level 1:colcon.colcon_core.environment:checking '/home/sunrise/ros2_ws/src/rb300_ros2/install/rb300_nav/bin'
[2.257s] INFO:colcon.colcon_core.shell:Creating package script '/home/sunrise/ros2_ws/src/rb300_ros2/install/rb300_nav/share/rb300_nav/package.ps1'
[2.262s] INFO:colcon.colcon_core.shell:Creating package descriptor '/home/sunrise/ros2_ws/src/rb300_ros2/install/rb300_nav/share/rb300_nav/package.dsv'
[2.266s] INFO:colcon.colcon_core.shell:Creating package script '/home/sunrise/ros2_ws/src/rb300_ros2/install/rb300_nav/share/rb300_nav/package.sh'
[2.269s] INFO:colcon.colcon_core.shell:Creating package script '/home/sunrise/ros2_ws/src/rb300_ros2/install/rb300_nav/share/rb300_nav/package.bash'
[2.273s] INFO:colcon.colcon_core.shell:Creating package script '/home/sunrise/ros2_ws/src/rb300_ros2/install/rb300_nav/share/rb300_nav/package.zsh'
[2.276s] Level 1:colcon.colcon_core.environment:create_file_with_runtime_dependencies(/home/sunrise/ros2_ws/src/rb300_ros2/install/rb300_nav/share/colcon-core/packages/rb300_nav)
[2.278s] DEBUG:colcon.colcon_parallel_executor.executor.parallel:closing loop
[2.279s] DEBUG:colcon.colcon_parallel_executor.executor.parallel:loop closed
[2.280s] DEBUG:colcon.colcon_parallel_executor.executor.parallel:run_until_complete finished with '0'
[2.280s] DEBUG:colcon.colcon_core.event_reactor:joining thread
[2.311s] INFO:colcon.colcon_core.plugin_system:Skipping extension 'colcon_notification.desktop_notification.terminal_notifier': Not used on non-Darwin systems
[2.312s] INFO:colcon.colcon_core.plugin_system:Skipping extension 'colcon_notification.desktop_notification.win32': Not used on non-Windows systems
[2.313s] INFO:colcon.colcon_notification.desktop_notification:Sending desktop notification using 'notify2'
[2.337s] DEBUG:colcon.colcon_core.event_reactor:joined thread
[2.339s] INFO:colcon.colcon_core.shell:Creating prefix script '/home/sunrise/ros2_ws/src/rb300_ros2/install/local_setup.ps1'
[2.346s] INFO:colcon.colcon_core.shell:Creating prefix util module '/home/sunrise/ros2_ws/src/rb300_ros2/install/_local_setup_util_ps1.py'
[2.359s] INFO:colcon.colcon_core.shell:Creating prefix chain script '/home/sunrise/ros2_ws/src/rb300_ros2/install/setup.ps1'
[2.367s] INFO:colcon.colcon_core.shell:Creating prefix script '/home/sunrise/ros2_ws/src/rb300_ros2/install/local_setup.sh'
[2.371s] INFO:colcon.colcon_core.shell:Creating prefix util module '/home/sunrise/ros2_ws/src/rb300_ros2/install/_local_setup_util_sh.py'
[2.375s] INFO:colcon.colcon_core.shell:Creating prefix chain script '/home/sunrise/ros2_ws/src/rb300_ros2/install/setup.sh'
[2.383s] INFO:colcon.colcon_core.shell:Creating prefix script '/home/sunrise/ros2_ws/src/rb300_ros2/install/local_setup.bash'
[2.386s] INFO:colcon.colcon_core.shell:Creating prefix chain script '/home/sunrise/ros2_ws/src/rb300_ros2/install/setup.bash'
[2.393s] INFO:colcon.colcon_core.shell:Creating prefix script '/home/sunrise/ros2_ws/src/rb300_ros2/install/local_setup.zsh'
[2.397s] INFO:colcon.colcon_core.shell:Creating prefix chain script '/home/sunrise/ros2_ws/src/rb300_ros2/install/setup.zsh'
