[0.060s] Invoking command in '/home/sunrise/ros2_ws/src/rb300_ros2/build/rb300_nav': CMAKE_PREFIX_PATH=/opt/tros/humble:/opt/ros/humble /usr/bin/cmake --build /home/sunrise/ros2_ws/src/rb300_ros2/build/rb300_nav -- -j8 -l8
[0.239s] Invoked command in '/home/sunrise/ros2_ws/src/rb300_ros2/build/rb300_nav' returned '0': CMAKE_PREFIX_PATH=/opt/tros/humble:/opt/ros/humble /usr/bin/cmake --build /home/sunrise/ros2_ws/src/rb300_ros2/build/rb300_nav -- -j8 -l8
[0.290s] Invoking command in '/home/sunrise/ros2_ws/src/rb300_ros2/build/rb300_nav': CMAKE_PREFIX_PATH=/opt/tros/humble:/opt/ros/humble /usr/bin/cmake --install /home/sunrise/ros2_ws/src/rb300_ros2/build/rb300_nav
[0.328s] -- Install configuration: ""
[0.329s] -- Execute custom install script
[0.331s] -- Up-to-date symlink: /home/sunrise/ros2_ws/src/rb300_ros2/install/rb300_nav/share/rb300_nav//launch/__pycache__/slam.launch.cpython-310.pyc
[0.332s] -- Up-to-date symlink: /home/sunrise/ros2_ws/src/rb300_ros2/install/rb300_nav/share/rb300_nav//launch/slam.launch.py
[0.333s] -- Up-to-date symlink: /home/sunrise/ros2_ws/src/rb300_ros2/install/rb300_nav/share/rb300_nav//config/slam_toolbox.yaml
[0.335s] -- Up-to-date symlink: /home/sunrise/ros2_ws/src/rb300_ros2/install/rb300_nav/share/ament_index/resource_index/package_run_dependencies/rb300_nav
[0.337s] -- Up-to-date symlink: /home/sunrise/ros2_ws/src/rb300_ros2/install/rb300_nav/share/ament_index/resource_index/parent_prefix_path/rb300_nav
[0.339s] -- Up-to-date symlink: /home/sunrise/ros2_ws/src/rb300_ros2/install/rb300_nav/share/rb300_nav/environment/ament_prefix_path.sh
[0.340s] -- Up-to-date symlink: /home/sunrise/ros2_ws/src/rb300_ros2/install/rb300_nav/share/rb300_nav/environment/ament_prefix_path.dsv
[0.341s] -- Up-to-date symlink: /home/sunrise/ros2_ws/src/rb300_ros2/install/rb300_nav/share/rb300_nav/environment/path.sh
[0.343s] -- Up-to-date symlink: /home/sunrise/ros2_ws/src/rb300_ros2/install/rb300_nav/share/rb300_nav/environment/path.dsv
[0.343s] -- Up-to-date symlink: /home/sunrise/ros2_ws/src/rb300_ros2/install/rb300_nav/share/rb300_nav/local_setup.bash
[0.344s] -- Up-to-date symlink: /home/sunrise/ros2_ws/src/rb300_ros2/install/rb300_nav/share/rb300_nav/local_setup.sh
[0.344s] -- Up-to-date symlink: /home/sunrise/ros2_ws/src/rb300_ros2/install/rb300_nav/share/rb300_nav/local_setup.zsh
[0.345s] -- Up-to-date symlink: /home/sunrise/ros2_ws/src/rb300_ros2/install/rb300_nav/share/rb300_nav/local_setup.dsv
[0.345s] -- Symlinking: /home/sunrise/ros2_ws/src/rb300_ros2/install/rb300_nav/share/rb300_nav/package.dsv
[0.387s] -- Up-to-date symlink: /home/sunrise/ros2_ws/src/rb300_ros2/install/rb300_nav/share/ament_index/resource_index/packages/rb300_nav
[0.388s] -- Up-to-date symlink: /home/sunrise/ros2_ws/src/rb300_ros2/install/rb300_nav/share/rb300_nav/cmake/rb300_navConfig.cmake
[0.389s] -- Up-to-date symlink: /home/sunrise/ros2_ws/src/rb300_ros2/install/rb300_nav/share/rb300_nav/cmake/rb300_navConfig-version.cmake
[0.390s] -- Up-to-date symlink: /home/sunrise/ros2_ws/src/rb300_ros2/install/rb300_nav/share/rb300_nav/package.xml
[0.399s] Invoked command in '/home/sunrise/ros2_ws/src/rb300_ros2/build/rb300_nav' returned '0': CMAKE_PREFIX_PATH=/opt/tros/humble:/opt/ros/humble /usr/bin/cmake --install /home/sunrise/ros2_ws/src/rb300_ros2/build/rb300_nav
